<?xml version="1.0" encoding="utf-8" ?>
<result>
	<row>
		<idSite>1</idSite>
		<idVisit>1</idVisit>
		<visitIp>56.11.55.73</visitIp>
		
		<fingerprint>d6c0d9b7448ddef6</fingerprint>
		<actionDetails>
			<row>
				<type>action</type>
				<url>http://example.com/sub/page</url>
				<pageTitle>Viewing homepage</pageTitle>
				<pageIdAction>2</pageIdAction>
				
				
				<pageId>1</pageId>
				<bandwidth />
				
				
				<pageviewPosition>1</pageviewPosition>
				<title>Viewing homepage</title>
				<subtitle>http://example.com/sub/page</subtitle>
				<icon />
				<iconSVG>plugins/Morpheus/images/action.svg</iconSVG>
				
				<bandwidth_pretty>0 M</bandwidth_pretty>
			</row>
			<row>
				<type>search</type>
				<url />
				<pageIdAction />
				
				
				<pageId>2</pageId>
				<bandwidth />
				<siteSearchKeyword>this is a site search query</siteSearchKeyword>
				<siteSearchCategory />
				<siteSearchCount />
				<pageviewPosition>2</pageviewPosition>
				<icon>plugins/Morpheus/images/search.png</icon>
				<iconSVG>plugins/Morpheus/images/search.svg</iconSVG>
				<title>Site Search</title>
				<subtitle>this is a site search query</subtitle>
				
				<bandwidth_pretty>0 M</bandwidth_pretty>
			</row>
			<row>
				<type>ecommerceAbandonedCart</type>
				<revenue>2541</revenue>
				<items>1</items>
				
				
				<itemDetails>
					<row>
						<itemSKU>SKU_ID2</itemSKU>
						<itemName>A durable item</itemName>
						<itemCategory>Best seller</itemCategory>
						<price>321</price>
						<quantity>1</quantity>
						<categories>
						<row>Best seller</row>
						</categories>
					</row>
				</itemDetails>
				<icon>plugins/Morpheus/images/ecommerceAbandonedCart.png</icon>
				<iconSVG>plugins/Morpheus/images/ecommerceAbandonedCart.svg</iconSVG>
				<title>Abandoned Cart</title>
				<subtitle>$2,541 revenue - 1 items: A durable item)</subtitle>
				
			</row>
		</actionDetails>
		<goalConversions>0</goalConversions>
		<siteCurrency>USD</siteCurrency>
		<siteCurrencySymbol>$</siteCurrencySymbol>
		
		
		
		
		<siteName>Piwik test</siteName>
		
		
		
		
		
		
		<userId />
		<visitorType>new</visitorType>
		<visitorTypeIcon />
		<visitConverted>0</visitConverted>
		<visitConvertedIcon />
		<visitCount>1</visitCount>
		<visitEcommerceStatus>abandonedCart</visitEcommerceStatus>
		<visitEcommerceStatusIcon>plugins/Morpheus/images/ecommerceAbandonedCart.svg</visitEcommerceStatusIcon>
		<daysSinceFirstVisit>0</daysSinceFirstVisit>
		<secondsSinceFirstVisit>0</secondsSinceFirstVisit>
		<daysSinceLastEcommerceOrder>0</daysSinceLastEcommerceOrder>
		<secondsSinceLastEcommerceOrder />
		<visitDuration>721</visitDuration>
		<visitDurationPretty>12 min 1s</visitDurationPretty>
		<searches>1</searches>
		<actions>2</actions>
		<interactions>2</interactions>
		<referrerType>direct</referrerType>
		<referrerTypeName>Direct Entry</referrerTypeName>
		<referrerName />
		<referrerKeyword />
		<referrerKeywordPosition />
		<referrerUrl />
		<referrerSearchEngineUrl />
		<referrerSearchEngineIcon />
		<referrerSocialNetworkUrl />
		<referrerSocialNetworkIcon />
		<languageCode>fr</languageCode>
		<language>French</language>
		<deviceType>Smartphone</deviceType>
		<deviceTypeIcon>plugins/Morpheus/icons/dist/devices/smartphone.png</deviceTypeIcon>
		<deviceBrand>Fly</deviceBrand>
		<deviceModel>iPhone</deviceModel>
		<operatingSystem>GNU/Linux 10.10</operatingSystem>
		<operatingSystemName>GNU/Linux</operatingSystemName>
		<operatingSystemIcon>plugins/Morpheus/icons/dist/os/LIN.png</operatingSystemIcon>
		<operatingSystemCode>LIN</operatingSystemCode>
		<operatingSystemVersion>10.10</operatingSystemVersion>
		<browserFamily>Gecko</browserFamily>
		<browserFamilyDescription>Gecko (Firefox)</browserFamilyDescription>
		<browser>Microsoft Edge 33.0</browser>
		<browserName>Microsoft Edge</browserName>
		<browserIcon>plugins/Morpheus/icons/dist/browsers/PS.png</browserIcon>
		<browserCode>PS</browserCode>
		<browserVersion>33.0</browserVersion>
		<totalEcommerceRevenue>0</totalEcommerceRevenue>
		<totalEcommerceConversions>0</totalEcommerceConversions>
		<totalEcommerceItems>0</totalEcommerceItems>
		<totalAbandonedCartsRevenue>2541</totalAbandonedCartsRevenue>
		<totalAbandonedCarts>1</totalAbandonedCarts>
		<totalAbandonedCartsItems>1</totalAbandonedCartsItems>
		<events>0</events>
		<continent>Europe</continent>
		<continentCode>eur</continentCode>
		<country>France</country>
		<countryCode>fr</countryCode>
		<countryFlag>plugins/Morpheus/icons/dist/flags/fr.png</countryFlag>
		<region />
		<regionCode />
		<city />
		<location>France</location>
		<latitude />
		<longitude />
		<visitLocalTime>12:34:06</visitLocalTime>
		<visitLocalHour>12</visitLocalHour>
		<daysSinceLastVisit>0</daysSinceLastVisit>
		<secondsSinceLastVisit>0</secondsSinceLastVisit>
		<resolution>1024x768</resolution>
		<plugins>cookie, flash, java</plugins>
		<pluginsIcons>
			<row>
				<pluginIcon>plugins/Morpheus/icons/dist/plugins/cookie.png</pluginIcon>
				<pluginName>cookie</pluginName>
			</row>
			<row>
				<pluginIcon>plugins/Morpheus/icons/dist/plugins/flash.png</pluginIcon>
				<pluginName>flash</pluginName>
			</row>
			<row>
				<pluginIcon>plugins/Morpheus/icons/dist/plugins/java.png</pluginIcon>
				<pluginName>java</pluginName>
			</row>
		</pluginsIcons>
		<customVariables>
		</customVariables>
	</row>
	<row>
		<idSite>1</idSite>
		<idVisit>2</idVisit>
		<visitIp>56.11.55.74</visitIp>
		
		<fingerprint>3fc0c55f8936fec4</fingerprint>
		<actionDetails>
			<row>
				<type>action</type>
				<url>http://example.com/sub/page2</url>
				<pageTitle>Viewing homepage2</pageTitle>
				<pageIdAction>8</pageIdAction>
				
				
				<pageId>3</pageId>
				<bandwidth />
				
				
				<pageviewPosition>1</pageviewPosition>
				<title>Viewing homepage2</title>
				<subtitle>http://example.com/sub/page2</subtitle>
				<icon />
				<iconSVG>plugins/Morpheus/images/action.svg</iconSVG>
				
				<bandwidth_pretty>0 M</bandwidth_pretty>
			</row>
		</actionDetails>
		<goalConversions>0</goalConversions>
		<siteCurrency>USD</siteCurrency>
		<siteCurrencySymbol>$</siteCurrencySymbol>
		
		
		
		
		<siteName>Piwik test</siteName>
		
		
		
		
		
		
		<userId />
		<visitorType>new</visitorType>
		<visitorTypeIcon />
		<visitConverted>0</visitConverted>
		<visitConvertedIcon />
		<visitCount>1</visitCount>
		<visitEcommerceStatus>none</visitEcommerceStatus>
		<visitEcommerceStatusIcon />
		<daysSinceFirstVisit>0</daysSinceFirstVisit>
		<secondsSinceFirstVisit>0</secondsSinceFirstVisit>
		<daysSinceLastEcommerceOrder>0</daysSinceLastEcommerceOrder>
		<secondsSinceLastEcommerceOrder />
		<visitDuration>0</visitDuration>
		<visitDurationPretty>0s</visitDurationPretty>
		<searches>0</searches>
		<actions>1</actions>
		<interactions>1</interactions>
		<referrerType>direct</referrerType>
		<referrerTypeName>Direct Entry</referrerTypeName>
		<referrerName />
		<referrerKeyword />
		<referrerKeywordPosition />
		<referrerUrl />
		<referrerSearchEngineUrl />
		<referrerSearchEngineIcon />
		<referrerSocialNetworkUrl />
		<referrerSocialNetworkIcon />
		<languageCode>fr</languageCode>
		<language>French</language>
		<deviceType>Desktop</deviceType>
		<deviceTypeIcon>plugins/Morpheus/icons/dist/devices/desktop.png</deviceTypeIcon>
		<deviceBrand>Apple</deviceBrand>
		<deviceModel>Generic Desktop</deviceModel>
		<operatingSystem>Mac 10.14</operatingSystem>
		<operatingSystemName>Mac</operatingSystemName>
		<operatingSystemIcon>plugins/Morpheus/icons/dist/os/MAC.png</operatingSystemIcon>
		<operatingSystemCode>MAC</operatingSystemCode>
		<operatingSystemVersion>10.14</operatingSystemVersion>
		<browserFamily>Blink</browserFamily>
		<browserFamilyDescription>Blink (Chrome, Opera)</browserFamilyDescription>
		<browser>Chrome 74.0</browser>
		<browserName>Chrome</browserName>
		<browserIcon>plugins/Morpheus/icons/dist/browsers/CH.png</browserIcon>
		<browserCode>CH</browserCode>
		<browserVersion>74.0</browserVersion>
		<totalEcommerceRevenue>0</totalEcommerceRevenue>
		<totalEcommerceConversions>0</totalEcommerceConversions>
		<totalEcommerceItems>0</totalEcommerceItems>
		<totalAbandonedCartsRevenue>0</totalAbandonedCartsRevenue>
		<totalAbandonedCarts>0</totalAbandonedCarts>
		<totalAbandonedCartsItems>0</totalAbandonedCartsItems>
		<events>0</events>
		<continent>Europe</continent>
		<continentCode>eur</continentCode>
		<country>France</country>
		<countryCode>fr</countryCode>
		<countryFlag>plugins/Morpheus/icons/dist/flags/fr.png</countryFlag>
		<region />
		<regionCode />
		<city />
		<location>France</location>
		<latitude />
		<longitude />
		<visitLocalTime>12:34:06</visitLocalTime>
		<visitLocalHour>12</visitLocalHour>
		<daysSinceLastVisit>0</daysSinceLastVisit>
		<secondsSinceLastVisit>0</secondsSinceLastVisit>
		<resolution>1024x768</resolution>
		<plugins>cookie, flash, java</plugins>
		<pluginsIcons>
			<row>
				<pluginIcon>plugins/Morpheus/icons/dist/plugins/cookie.png</pluginIcon>
				<pluginName>cookie</pluginName>
			</row>
			<row>
				<pluginIcon>plugins/Morpheus/icons/dist/plugins/flash.png</pluginIcon>
				<pluginName>flash</pluginName>
			</row>
			<row>
				<pluginIcon>plugins/Morpheus/icons/dist/plugins/java.png</pluginIcon>
				<pluginName>java</pluginName>
			</row>
		</pluginsIcons>
		<customVariables>
		</customVariables>
	</row>
</result>